{"name": "x264-medium-tune-psnr", "description": "x264 medium, tuned for psnr, ffmpeg version 5.0", "results": {"qp": [32], "ms-ssim-rgb": [0.940115749835968], "bitrate": [363.24], "psnr-rgb": [29.12749459721975], "psnr-y": [31.039798760198877], "psnr-u": [36.007960343145655], "psnr-v": [37.084036373876856], "psnr-yuv": [32.87519862630301]}}