{"name": "JPEG", "description": "JPEG. Pillow version 9.0.0", "results": {"bpp": [1.3898722330729167], "encoding_time": [0.0073757171630859375], "decoding_time": [0.004766941070556641], "psnr": [32.25230537622758], "ms-ssim": [0.9821832180023193]}}