{"name": "ssf2020-mse", "description": "Inference (ans)", "results": {"q": ["ssf2020-mse-1-ans"], "psnr-y": [27.48426055908203], "psnr-u": [34.267677307128906], "psnr-v": [35.03958511352539], "psnr-yuv": [29.87405014038086], "ms-ssim-rgb": [0.9083335995674133], "mse-rgb": [139.9774627685547], "psnr-rgb": [26.674245834350586], "bitrate": [1945.56]}}