{"name": "bmshj2018-factorized", "description": "Inference (entropy estimation)", "results": {"psnr": [29.85103875431161], "bpp": [0.4605925977230072], "encoding_time": [1.4289754629135132], "decoding_time": [1.4289754629135132]}}