{"name": "bmshj2018-factorized", "description": "Inference (entropy estimation)", "results": {"psnr": [27.710136036130027], "bpp": [0.34460416436195374], "encoding_time": [0.7685030698776245], "decoding_time": [0.7685030698776245]}}