{"name": "bmshj2018-factorized", "description": "Inference (entropy estimation)", "results": {"psnr": [31.7117311351354], "bpp": [1.139264464378357], "encoding_time": [1.5123845338821411], "decoding_time": [1.5123845338821411]}}