{"name": "bmshj2018-factorized", "description": "Inference (ans)", "results": {"psnr": [27.71128803740957], "ms-ssim": [0.9790661931037903], "bpp": [0.344970703125], "encoding_time": [0.6467399597167969], "decoding_time": [0.9639408588409424]}}