{"name": "ssf2020-mse", "description": "Inference (ans)", "results": {"q": ["ssf2020-mse-4-ans"], "psnr-y": [32.039939880371094], "psnr-u": [37.7548828125], "psnr-v": [38.757694244384766], "psnr-yuv": [34.112056732177734], "ms-ssim-rgb": [0.9698339700698853], "mse-rgb": [50.67747116088867], "psnr-rgb": [31.087793350219727], "bitrate": [6828.12]}}