{"name": "bmshj2018-factorized", "description": "Inference (entropy estimation)", "results": {"psnr": [37.29373603242085], "bpp": [1.9624894857406616], "encoding_time": [2.56728994846344], "decoding_time": [2.56728994846344]}}