{"name": "bmshj2018-factorized", "description": "Inference (entropy estimation)", "results": {"psnr": [25.92663454449458], "bpp": [0.1471693515777588], "encoding_time": [1.0203759670257568], "decoding_time": [1.0203759670257568]}}