{"name": "ssf2020-mse", "description": "Inference (entropy-estimation)", "results": {"q": ["ssf2020-mse-8-entropy-estimation"], "psnr-y": [38.320213317871094], "psnr-u": [42.999244689941406], "psnr-v": [43.85735321044922], "psnr-yuv": [40.022911071777344], "ms-ssim-rgb": [0.9934679269790649], "mse-rgb": [12.823404312133789], "psnr-rgb": [37.22743225097656], "bitrate": [22726.55625]}}